// Jest Snapshot v1, https://goo.gl/fbAQLP

exports[`TransactionRow renders according to snapshot. 1`] = `
<tr
  className="TableRow__StyledTableRow-sc-3jn6yz-0 cFtmyC"
>
  <td
    className="TableCell__StyledTableCell-sc-110j155-0 bqABXJ"
  >
    <div
      className="TableCell__StyledTableCellContent-sc-110j155-1 klobR"
    >
      <span
        className="Text-yxw4o9-0 bIIgvx"
      >
        0xd67348d36f906ba7b2be09baa868e0e93cf310f8d06146ec8e0936e96410e05d
      </span>
    </div>
  </td>
  <td
    className="TableCell__StyledTableCell-sc-110j155-0 bqABXJ"
  >
    <div
      className="TableCell__StyledTableCellContent-sc-110j155-1 klobR"
    >
      <span
        className="Text-yxw4o9-0 bIIgvx"
      >
        0xBA826fEc90CEFdf6706858E5FbaFcb27A290Fbe0
      </span>
    </div>
  </td>
  <td
    className="TableCell__StyledTableCell-sc-110j155-0 bqABXJ"
  >
    <div
      className="TableCell__StyledTableCellContent-sc-110j155-1 klobR"
    >
      <span
        className="Text-yxw4o9-0 bIIgvx"
      >
        0xD0a4b8946Cb52f0661273bfbC6fD0E0C75Fc6433
      </span>
    </div>
  </td>
  <td
    className="TableCell__StyledTableCell-sc-110j155-0 bqABXJ"
  >
    <div
      className="TableCell__StyledTableCellContent-sc-110j155-1 klobR"
    >
      <span
        className="Text-yxw4o9-0 bIIgvx"
      >
        loading
      </span>
    </div>
  </td>
</tr>
`;
